// Jest Snapshot v1, https://goo.gl/fbAQLP

exports[`Testes do componente PaginaBase A página deve ser renderizada corretamente 1`] = `
<div>
  <header
    class="cabecalho"
  >
    <div
      aria-label="Logo do Sorteador"
      class="imagem-logo"
      role="img"
    />
    <img
      alt="Participante com um presente na mão"
      class="participante"
      src="/imagens/participante.png"
    />
  </header>
  <div
    class="card"
  >
    <form>
      <div>
        <input
          placeholder="Insira os nomes dos participantes"
          type="text"
          value=""
        />
        <button
          disabled=""
        >
          Adicionar
        </button>
      </div>
      
    </form>
    <ul />
  </div>
  <footer>
    <button
      disabled=""
    >
      Iniciar brincadeira
    </button>
  </footer>
</div>
`;
